probe 0: depth 28, pruned, weight 2.09e+11 (123s)
probe 1: depth 32, pruned, weight 5.13e+16 (243s)
probe 2: depth 35, pruned, weight 4.16e+18 (366s)
estimated nodes per level (mean over probes; the root is level 0):
  depth  1: 3
  depth  2: 6
  depth  3: 20
  depth  4: 62
  depth  5: 236
  depth  6: 780
  depth  7: 2.8e+03
  depth  8: 1e+04
  depth  9: 4.01e+04
  depth 10: 1.61e+05
  depth 11: 6.35e+05
  depth 12: 2.13e+06
  depth 13: 7.44e+06
  depth 14: 2.97e+07
  depth 15: 1.19e+08
  depth 16: 3.97e+08
  depth 17: 1.59e+09
  depth 18: 6.34e+09
  depth 19: 2.54e+10
  depth 20: 1.01e+11
  depth 21: 3.62e+11
  depth 22: 1.22e+12
  depth 23: 3.48e+12
  depth 24: 1.25e+13
  depth 25: 5.01e+13
  depth 26: 1.67e+14
  depth 27: 6.68e+14
  depth 28: 2.67e+15
  depth 29: 9.08e+15
  depth 30: 3.63e+16
  depth 31: 9.4e+16
  depth 32: 2.31e+17
  depth 33: 4.62e+17
  depth 34: 1.39e+18
  depth 35: 0
estimated total nodes (including the root): 2.22e+18
