probe 0: depth 5, pruned, weight 12 (1s)
probe 1: depth 6, pruned, weight 72 (3s)
probe 2: depth 5, pruned, weight 12 (5s)
probe 3: depth 5, pruned, weight 36 (7s)
probe 4: depth 6, pruned, weight 24 (10s)
probe 5: depth 5, pruned, weight 12 (12s)
probe 6: depth 4, pruned, weight 12 (14s)
probe 7: depth 4, pruned, weight 18 (16s)
probe 8: depth 5, pruned, weight 36 (19s)
probe 9: depth 4, pruned, weight 6 (21s)
probe 10: depth 6, pruned, weight 18 (25s)
probe 11: depth 5, pruned, weight 18 (28s)
probe 12: depth 4, pruned, weight 18 (31s)
probe 13: depth 5, pruned, weight 12 (33s)
probe 14: depth 4, pruned, weight 6 (35s)
probe 15: depth 5, pruned, weight 12 (38s)
probe 16: depth 5, pruned, weight 12 (41s)
probe 17: depth 5, pruned, weight 4 (44s)
probe 18: depth 4, pruned, weight 8 (47s)
probe 19: depth 4, pruned, weight 2 (50s)
probe 20: depth 3, pruned, weight 2 (51s)
probe 21: depth 3, pruned, weight 1 (52s)
probe 22: depth 1, pruned, weight 1 (52s)
probe 23: depth 1, pruned, weight 1 (52s)
probe 24: depth 1, pruned, weight 1 (52s)
probe 25: depth 1, pruned, weight 1 (52s)
probe 26: depth 1, pruned, weight 1 (52s)
probe 27: depth 1, pruned, weight 1 (52s)
probe 28: depth 1, pruned, weight 1 (52s)
probe 29: depth 1, pruned, weight 1 (52s)
estimated nodes per level (mean over probes; the root is level 0):
  depth  1: 1.9
  depth  2: 3.47
  depth  3: 7.2
  depth  4: 8.13
  depth  5: 3.8
  depth  6: 0
estimated total nodes (including the root): 25.5
