\BOOKMARK [1][-]{section.1}{\376\377\000I\000n\000t\000r\000o\000d\000u\000c\000t\000i\000o\000n}{}% 1
\BOOKMARK [1][-]{section.2}{\376\377\000P\000r\000e\000l\000i\000m\000i\000n\000a\000r\000i\000e\000s}{}% 2
\BOOKMARK [2][-]{subsection.2.1}{\376\377\000T\000h\000e\000\040\000p\000r\000o\000b\000l\000e\000m}{section.2}% 3
\BOOKMARK [2][-]{subsection.2.2}{\376\377\000T\000h\000e\000\040\000h\000a\000l\000f\000-\000l\000i\000n\000e\000\040\000a\000n\000d\000\040\000t\000h\000e\000\040\000a\000g\000r\000e\000e\000m\000e\000n\000t\000\040\000l\000e\000m\000m\000a}{section.2}% 4
\BOOKMARK [1][-]{section.3}{\376\377\000R\000e\000f\000l\000e\000c\000t\000e\000d\000\040\000t\000r\000i\000a\000n\000g\000l\000e\000s\000\040\000a\000n\000d\000\040\000a\000\040\000p\000u\000m\000p\000i\000n\000g\000\040\000l\000e\000m\000m\000a}{}% 5
\BOOKMARK [2][-]{subsection.3.1}{\376\377\000R\000e\000l\000a\000t\000i\000v\000e\000\040\000c\000o\000o\000r\000d\000i\000n\000a\000t\000e\000s}{section.3}% 6
\BOOKMARK [2][-]{subsection.3.2}{\376\377\000C\000o\000n\000s\000e\000q\000u\000e\000n\000c\000e\000:\000\040\000a\000\040\000s\000p\000e\000e\000d\000-\0001\000/\0003\000\040\000b\000a\000r\000r\000i\000e\000r}{section.3}% 7
\BOOKMARK [2][-]{subsection.3.3}{\376\377\000A\000\040\000s\000e\000c\000o\000n\000d\000\040\000b\000a\000r\000r\000i\000e\000r\000,\000\040\000a\000t\000\040\000t\000h\000e\000\040\000l\000e\000f\000t\000\040\000b\000o\000r\000d\000e\000r}{section.3}% 8
\BOOKMARK [1][-]{section.4}{\376\377\000P\000r\000o\000p\000o\000s\000i\000t\000i\000o\000n\000a\000l\000\040\000e\000n\000c\000o\000d\000i\000n\000g}{}% 9
\BOOKMARK [1][-]{section.5}{\376\377\000F\000o\000u\000r\000\040\000s\000t\000a\000t\000e\000s\000:\000\040\000a\000\040\000c\000e\000r\000t\000i\000f\000i\000e\000d\000\040\000p\000r\000o\000o\000f}{}% 10
\BOOKMARK [1][-]{section.6}{\376\377\000F\000i\000v\000e\000\040\000s\000t\000a\000t\000e\000s\000:\000\040\000t\000h\000e\000\040\000f\000r\000o\000n\000t\000i\000e\000r}{}% 11
\BOOKMARK [2][-]{subsection.6.1}{\376\377\000L\000u\000c\000k\000y\000\040\000r\000u\000l\000e\000s}{section.6}% 12
\BOOKMARK [2][-]{subsection.6.2}{\376\377\000F\000i\000v\000e\000-\000s\000t\000a\000t\000e\000\040\000r\000u\000l\000e\000s\000\040\000f\000o\000r\000\040\000a\000l\000l\000\040\000l\000e\000n\000g\000t\000h\000s\000\040\000u\000p\000\040\000t\000o\000\040\000f\000o\000u\000r\000t\000e\000e\000n}{section.6}% 13
\BOOKMARK [2][-]{subsection.6.3}{\376\377\000H\000a\000l\000f\000-\000l\000i\000n\000e\000s\000\040\000o\000f\000\040\000l\000o\000w\000\040\000c\000o\000m\000p\000l\000e\000x\000i\000t\000y}{section.6}% 14
\BOOKMARK [2][-]{subsection.6.4}{\376\377\000W\000h\000e\000r\000e\000\040\000t\000h\000e\000\040\000d\000i\000f\000f\000i\000c\000u\000l\000t\000y\000\040\000l\000i\000e\000s}{section.6}% 15
\BOOKMARK [1][-]{section.7}{\376\377\000D\000i\000s\000c\000u\000s\000s\000i\000o\000n}{}% 16
\BOOKMARK [1][-]{appendix.A}{\376\377\000G\000l\000o\000s\000s\000a\000r\000y\000\040\000o\000f\000\040\000t\000e\000r\000m\000s\000\040\000a\000n\000d\000\040\000s\000y\000m\000b\000o\000l\000s}{}% 17
\BOOKMARK [2][-]{subsection.A.1}{\376\377\000G\000e\000n\000e\000r\000a\000l\000\040\000c\000o\000n\000v\000e\000n\000t\000i\000o\000n\000s}{appendix.A}% 18
\BOOKMARK [2][-]{subsection.A.2}{\376\377\000T\000h\000e\000\040\000f\000i\000r\000i\000n\000g\000\040\000s\000q\000u\000a\000d}{appendix.A}% 19
\BOOKMARK [2][-]{subsection.A.3}{\376\377\000G\000e\000o\000m\000e\000t\000r\000y\000\040\000o\000f\000\040\000s\000p\000a\000c\000e\000-\000t\000i\000m\000e\000\040\000d\000i\000a\000g\000r\000a\000m\000s}{appendix.A}% 20
\BOOKMARK [2][-]{subsection.A.4}{\376\377\000T\000h\000e\000\040\000t\000w\000o\000\040\000b\000a\000r\000r\000i\000e\000r\000s}{appendix.A}% 21
\BOOKMARK [2][-]{subsection.A.5}{\376\377\000G\000e\000r\000m\000s}{appendix.A}% 22
\BOOKMARK [2][-]{subsection.A.6}{\376\377\000P\000r\000o\000p\000o\000s\000i\000t\000i\000o\000n\000a\000l\000\040\000l\000o\000g\000i\000c\000,\000\040\000s\000o\000l\000v\000e\000r\000s\000\040\000a\000n\000d\000\040\000c\000e\000r\000t\000i\000f\000i\000c\000a\000t\000e\000s}{appendix.A}% 23
\BOOKMARK [1][-]{appendix.B}{\376\377\000F\000u\000r\000t\000h\000e\000r\000\040\000e\000x\000p\000e\000r\000i\000m\000e\000n\000t\000s}{}% 24
\BOOKMARK [2][-]{subsection.B.1}{\376\377\000F\000o\000u\000r\000\040\000m\000o\000r\000e\000\040\000r\000u\000l\000e\000s\000\040\000f\000o\000r\000\040\000a\000l\000l\000\040\000l\000e\000n\000g\000t\000h\000s\000\040\000u\000p\000\040\000t\000o\000\040\000f\000o\000u\000r\000t\000e\000e\000n}{appendix.B}% 25
\BOOKMARK [2][-]{subsection.B.2}{\376\377\000G\000e\000r\000m\000s\000\040\000o\000f\000\040\000c\000o\000m\000p\000l\000e\000x\000i\000t\000y\000\040\000a\000t\000\040\000m\000o\000s\000t\000\040\000s\000i\000x\000t\000e\000e\000n}{appendix.B}% 26
\BOOKMARK [2][-]{subsection.B.3}{\376\377\000G\000e\000r\000m\000s\000\040\000o\000f\000\040\000c\000o\000m\000p\000l\000e\000x\000i\000t\000y\000\040\000s\000e\000v\000e\000n\000t\000e\000e\000n}{appendix.B}% 27
\BOOKMARK [2][-]{subsection.B.4}{\376\377\000L\000i\000n\000e\000s\000\040\000o\000f\000\040\000l\000e\000n\000g\000t\000h\000\040\000f\000i\000f\000t\000e\000e\000n\000\040\000f\000o\000r\000\040\000t\000h\000e\000\040\000c\000o\000m\000p\000l\000e\000x\000i\000t\000y\000-\0001\0005\000\040\000h\000a\000l\000f\000-\000l\000i\000n\000e}{appendix.B}% 28
\BOOKMARK [2][-]{subsection.B.5}{\376\377\000U\000n\000s\000a\000t\000i\000s\000f\000i\000a\000b\000l\000e\000\040\000c\000o\000r\000e\000s}{appendix.B}% 29
\BOOKMARK [1][-]{appendix.C}{\376\377\000R\000u\000l\000e\000\040\000t\000a\000b\000l\000e\000s}{}% 30
\BOOKMARK [1][-]{appendix.D}{\376\377\000R\000e\000p\000r\000o\000d\000u\000c\000i\000b\000i\000l\000i\000t\000y}{}% 31
