0 UNSATISFIABLE 0.00 GERM *GL>L GLL>G *LG>L LGL>L *LL>L LLG>A *LA>L LAL>L ALG>B LLB>L LBL>L BLG>G LLA>L GLG>G
1 UNSATISFIABLE 0.00 GERM *GL>L GLL>G *LG>L LGL>L *LL>L LLG>A *LA>L LAL>A ALG>G LAG>L AGL>L GLG>G LLA>L
2 UNSATISFIABLE 0.00 GERM *GL>L GLL>G *LG>L LGL>L *LL>L LLG>A *LA>L LAL>A ALG>B LAB>L ABL>L BLG>G LLA>L GLG>G
3 UNSATISFIABLE 0.01 GERM *GL>L GLL>G *LG>L LGL>L *LL>G LLG>G *GG>A GGL>A *AA>A GLG>L AAL>A ALL>L ALG>A AAA>A
4 UNSATISFIABLE 0.00 GERM *GL>L GLL>G *LG>L LGL>L *LL>A LLG>G *AG>A AGL>A *AA>A GLG>L AAL>A ALL>L ALG>A AAA>A
5 UNSATISFIABLE 0.00 GERM *GL>L GLL>G *LG>L LGL>L *LL>A LLG>G *AG>B AGL>B *BB>B GLG>L BBL>B BLL>L BLG>B BBB>B
6 UNSATISFIABLE 0.00 GERM *GL>L GLL>G *LG>L LGL>L *LL>A LLG>A *AA>A AAL>A ALG>L ALL>L ALA>A AAA>A LAL>L LLA>A
7 UNSATISFIABLE 0.00 GERM *GL>L GLL>G *LG>L LGL>G LGG>G GGL>L GLG>A LGA>L *LL>L GAG>G LLG>L AGG>G GLA>A LAG>G
8 SATISFIABLE 0.08 GERM *GL>L GLL>G *LG>L LGL>G LGG>G GGL>A LGA>L *LL>L GAG>G LLG>L AGL>G GGG>G GGA>A AGG>G
9 UNSATISFIABLE 0.36 GERM *GL>L GLL>G *LG>L LGL>G LGG>G GGL>A LGA>G GAG>G AGL>G GGG>G GGA>L GLG>L GAL>G ALG>A
10 UNSATISFIABLE 0.02 GERM *GL>L GLL>G *LG>L LGL>G LGG>A *LA>L GGL>G LAG>L *LL>L AGG>G LLG>L LLA>L GGG>G
11 UNSATISFIABLE 0.01 GERM *GL>L GLL>G *LG>L LGL>G LGG>A *LA>G GGL>G LAG>L AGG>G GLG>L *LL>L LLA>L GGG>G LLG>L
12 UNSATISFIABLE 0.01 GERM *GL>L GLL>G *LG>L LGL>A *LA>L LAG>L *LL>L AGL>G LLG>L LGG>A LLA>L GGL>G AGG>G GGG>G
13 UNSATISFIABLE 0.01 GERM *GL>L GLL>G *LG>L LGL>A *LA>L LAG>L *LL>L AGL>G LLG>A LGG>G GGL>G AGG>L GGG>G LLA>L
14 UNSATISFIABLE 0.00 GERM *GL>L GLL>G *LG>G LGL>G *GG>G GGG>G GGL>L GLG>L LLG>A LGA>G LGG>G GAG>G AGL>G AGG>G
15 UNSATISFIABLE 0.00 GERM *GL>L GLL>G *LG>A LGL>L *AL>L ALG>L *LL>L LLG>B LLB>L LBL>L BLG>G GLG>B BLB>B GLB>B
16 UNSATISFIABLE 0.00 GERM *GL>L GLL>G *LG>A LGL>L *AL>L ALG>L *LL>L LLG>B LLB>L LBL>B BLG>G LBG>L BGL>L GLG>G
17 UNSATISFIABLE 0.00 GERM *GL>L GLL>G *LG>A LGL>L *AL>G ALG>L LLG>G LGG>A *AA>L GGL>L AAL>G GLG>G GLA>G LAL>G
18 UNSATISFIABLE 0.00 GERM *GL>L GLL>G *LG>A LGL>L *AL>A ALG>L ALL>A *AA>A LLG>G AAG>A AGL>L AAL>A GLG>L AAA>A
19 UNSATISFIABLE 0.00 GERM *GL>L GLL>G *LG>A LGL>L *AL>A ALG>L ALL>A *AA>A LLG>G AAG>A AGL>L AAL>A GLG>G AAA>A
20 UNSATISFIABLE 0.01 GERM *GL>L GLL>G *LG>A LGL>G *AG>L AGG>L *LL>L GGL>G LLG>L LGG>B LLB>L LBG>L BGG>G GGG>G
21 UNSATISFIABLE 0.00 GERM *GL>L GLL>G *LG>A LGL>G *AG>L AGG>L *LL>L GGL>G LLG>A *LA>L LGG>G LAG>L GGG>G LLA>L
22 SATISFIABLE 0.20 GERM *GL>L GLL>G *LG>A LGL>G *AG>G AGG>L GGL>G GLG>A *LA>L LGG>G LAG>G GGG>G AGA>L GAG>G
23 UNSATISFIABLE 0.02 GERM *GL>L GLL>G *LG>A LGL>G *AG>G AGG>L GGL>G GLG>A *LA>A LGG>G LAG>G AGL>L GGG>G GLA>A
24 UNSATISFIABLE 0.00 GERM *GL>L GLL>G *LG>A LGL>G *AG>A AGG>G GGL>L AGL>A *AA>A GLG>G AAG>A GGG>G AAA>A LGG>L
25 UNSATISFIABLE 0.00 GERM *GL>L GLL>G *LG>A LGL>G *AG>A AGG>G GGL>L AGL>A *AA>A GLG>G AAG>A GGG>G AAA>A LGG>G
26 UNSATISFIABLE 0.00 GERM *GL>L GLL>G *LG>A LGL>G *AG>A AGG>G GGL>G GGG>A AGA>G GAG>G GAA>A AAA>A AAG>G GGA>G
27 UNSATISFIABLE 0.00 GERM *GL>L GLL>G *LG>A LGL>A *AA>A AAG>A AGL>L AAL>A ALG>G AGA>A AAA>A GAG>G GLG>G LGA>A
28 UNSATISFIABLE 0.01 GERM *GL>L GLL>G *LG>A LGL>A *AA>A AAG>A AGL>G AGG>L AAL>A GGL>G ALG>A AAA>A LGG>G GGG>G
29 SATISFIABLE 0.03 GERM *GL>L GLL>G *LG>A LGL>A *AA>A AAG>A AGL>G AGG>G GGL>A AGA>A AAA>A GAG>G GGG>G GGA>A
30 UNSATISFIABLE 0.00 GERM *GL>L GLL>G *LG>A LGL>A *AA>A AAG>A AGL>G AGG>B AAB>A GGL>G ABG>A AAA>A BGG>G GGG>G
31 UNSATISFIABLE 0.00 GERM *GL>L GLL>A *LA>L LAL>L *LL>L ALL>G LLG>L LGL>L LLA>G GLG>G GLA>A ALG>G
32 UNSATISFIABLE 0.00 GERM *GL>L GLL>A *LA>L LAL>L *LL>L ALL>G LLG>L LGL>L LLA>B LLB>L LBL>L BLG>G GLA>A ALG>G
33 UNSATISFIABLE 0.00 GERM *GL>L GLL>A *LA>L LAL>L *LL>L ALL>G LLG>L LGL>G LGA>A LLA>L GAL>L ALG>G LGG>G GGA>A
34 UNSATISFIABLE 0.00 GERM *GL>L GLL>A *LA>L LAL>L *LL>L ALL>G LLG>L LGL>A LLA>L LAA>A AAL>L ALG>G LGA>A GAA>A
35 UNSATISFIABLE 0.00 GERM *GL>L GLL>A *LA>L LAL>L *LL>L ALL>G LLG>L LGL>A LLA>L LAA>A AAL>L ALG>A AAA>A ALA>A
36 UNSATISFIABLE 0.00 GERM *GL>L GLL>A *LA>L LAL>L *LL>L ALL>G LLG>G *LG>G LGL>L GLA>A ALG>A ALA>G GLG>L LLA>G
37 UNSATISFIABLE 0.00 GERM *GL>L GLL>A *LA>L LAL>L *LL>L ALL>G LLG>A LGL>L ALA>A LLA>L ALG>G GLA>A
38 UNSATISFIABLE 0.00 GERM *GL>L GLL>A *LA>L LAL>L *LL>L ALL>G LLG>A LGL>L ALA>A LLA>G *LG>L ALG>L GLG>L GLA>A
39 UNSATISFIABLE 0.00 GERM *GL>L GLL>A *LA>L LAL>L *LL>L ALL>A LLA>G *LG>L LGL>G GLA>A LGA>L GAL>L ALA>A LLG>L
40 UNSATISFIABLE 0.00 GERM *GL>L GLL>A *LA>L LAL>L *LL>L ALL>A LLA>B *LB>L LBL>B BLA>A LBA>L BAL>L ALA>A LLB>L
41 UNSATISFIABLE 0.01 GERM *GL>L GLL>A *LA>L LAL>L *LL>L ALL>B LLB>L LBL>L BLL>A LLA>B BLB>B BLA>A ALB>B
42 UNSATISFIABLE 0.00 GERM *GL>L GLL>A *LA>L LAL>L *LL>L ALL>B LLB>A LBL>L BLL>A ALA>A LLA>L ALB>B BLA>A
43 UNSATISFIABLE 0.00 GERM *GL>L GLL>A *LA>L LAL>L *LL>B ALL>G LLG>L *BL>L LGL>L BLL>L LLA>G GLG>G GLA>A ALG>G
44 UNSATISFIABLE 0.00 GERM *GL>L GLL>A *LA>L LAL>A ALL>A LAA>G *LG>L AAL>A LGA>L *LL>L GAA>A LLA>L LLG>L AAA>A
45 UNSATISFIABLE 0.01 GERM *GL>L GLL>A *LA>L LAL>A ALL>A LAA>B *LB>L AAL>A LBA>L *LL>L BAA>A LLA>L LLB>L AAA>A
46 UNSATISFIABLE 0.02 GERM *GL>L GLL>A *LA>L LAL>A ALL>B LAB>L *LL>L ABL>L BLL>B LLB>A LLA>L LBL>L ALB>B BLB>B
47 UNSATISFIABLE 0.00 GERM *GL>L GLL>A *LA>G LAL>L ALL>G GLG>L *LL>L LGL>L LLA>L LLG>A ALA>A ALG>G GLA>A
48 SATISFIABLE 0.03 GERM *GL>L GLL>A *LA>G LAL>L ALL>G GLG>L *LL>L LGL>A LLA>L LAA>A AAL>L ALG>A AAA>A ALA>A
49 UNSATISFIABLE 0.00 GERM *GL>L GLL>A *LA>G LAL>L ALL>G GLG>L *LL>G LGL>L LLA>L LLG>G ALG>A GLA>A ALA>L
50 UNSATISFIABLE 0.00 GERM *GL>L GLL>A *LA>G LAL>L ALL>A GLA>L *LL>L LLA>B LLB>L LBL>L BLA>A ALA>B BLB>B ALB>B
51 UNSATISFIABLE 0.00 GERM *GL>L GLL>A *LA>G LAL>L ALL>A GLA>L *LL>L LLA>B LLB>L LBL>B BLA>A LBA>L BAL>L ALA>A
52 UNSATISFIABLE 0.00 GERM *GL>L GLL>A *LA>G LAL>L ALL>B GLB>L *LL>L LBL>L BLL>A LLA>L LLB>A ALA>A ALB>B BLA>A
53 UNSATISFIABLE 0.00 GERM *GL>L GLL>A *LA>G LAL>L ALL>B GLB>L *LL>L LBL>L BLL>A LLA>B LLB>L BLB>B BLA>A ALB>B
54 UNSATISFIABLE 0.01 GERM *GL>L GLL>A *LA>G LAL>L ALL>B GLB>A LBL>L BLL>A ALA>L LLB>L LLA>A BLA>B ALB>B BLB>L
55 UNSATISFIABLE 0.00 GERM *GL>L GLL>A *LA>G LAL>L ALL>B GLB>A LBL>L BLL>A ALA>B BLB>L LLA>L LLB>B ALB>L BLA>L
56 UNSATISFIABLE 0.00 GERM *GL>L GLL>A *LA>G LAL>L ALL>B GLB>A LBL>L BLL>A ALA>B BLB>L LLA>A BLA>B ALB>B LLB>L
57 UNSATISFIABLE 0.00 GERM *GL>L GLL>A *LA>G LAL>L ALL>B GLB>A LBL>L BLL>A ALA>B BLB>L LLA>B LLB>B ALB>L BLA>A
58 UNSATISFIABLE 0.00 GERM *GL>L GLL>A *LA>G LAL>G *GG>G ALL>G GGG>G GGL>L GLA>L LLG>L LGG>G ALG>G LGL>G GLG>L
59 UNSATISFIABLE 0.00 GERM *GL>L GLL>A *LA>A LAL>L *AL>L ALL>G ALG>G *LG>A LGL>L GLA>L LLG>L ALA>G LLA>G GLG>A
60 UNSATISFIABLE 0.00 GERM *GL>L GLL>A *LA>B LAL>L *BL>L ALL>G BLG>L *LL>L LGL>L LLA>L LLG>A ALA>A ALG>G GLA>A
61 UNSATISFIABLE 0.00 GERM *GL>L GLL>A *LA>B LAL>L *BL>L ALL>G BLG>L *LL>L LGL>L LLA>G LLG>L GLG>G GLA>A ALG>G
62 UNSATISFIABLE 0.00 GERM *GL>L GLL>A *LA>B LAL>L *BL>L ALL>G BLG>A LGL>L ALA>G GLG>L LLA>L LLG>G ALG>L GLA>L
63 UNSATISFIABLE 0.00 GERM *GL>L GLL>A *LA>B LAL>L *BL>L ALL>G BLG>A LGL>L ALA>G GLG>L LLA>G LLG>G ALG>L GLA>A
64 UNSATISFIABLE 0.00 GERM *GL>L GLL>A *LA>B LAL>L *BL>L ALL>G BLG>A LGL>L ALA>G GLG>L LLA>A GLA>G ALG>G LLG>L
65 UNSATISFIABLE 0.00 GERM *GL>L GLL>A *LA>B LAL>L *BL>B ALL>G BLG>L LGL>L BLL>L LLA>L LLG>A ALA>A ALG>G GLA>A
66 UNSATISFIABLE 0.00 GERM *GL>L GLL>A *LA>B LAL>L *BL>B ALL>G BLG>L LGL>L BLL>L LLA>G GLG>G LLG>L GLA>A ALG>G
67 UNSATISFIABLE 0.00 GERM *GL>G GLL>G *GG>L GGL>L *LL>L LLG>L LGL>G LGG>G GLG>A LGA>L GAG>G AGG>G GLA>A LAG>G
68 UNSATISFIABLE 0.00 GERM *GL>G GLL>G *GG>L GGL>L *LL>L LLG>A *LA>L LGL>L LAL>A ALG>G LAG>L AGL>L GLG>G LLA>L
69 UNSATISFIABLE 0.00 GERM *GL>G GLL>G *GG>L GGL>G *LG>L LGG>A *LA>L LAG>L *LL>L AGG>G LLG>L LLA>L GGG>G
70 UNSATISFIABLE 0.01 GERM *GL>G GLL>G *GG>L GGL>G *LG>L LGG>A *LA>G LAG>L AGG>G GLG>L GLA>G GGG>G LGL>G AGL>G
71 UNSATISFIABLE 0.00 GERM *GL>G GLL>G *GG>L GGL>G *LG>L LGG>A *LA>G LAG>L AGG>G GLG>L GLA>G GGG>G LGL>A AGL>G
72 UNSATISFIABLE 0.00 GERM *GL>G GLL>G *GG>L GGL>G *LG>G LGG>A *GA>L GAG>L *LL>L AGG>G LLG>L LLA>L GGG>G LAG>L
73 UNSATISFIABLE 0.00 GERM *GL>G GLL>G *GG>L GGL>G *LG>G LGG>A *GA>G GAG>L AGG>G GLG>L GLA>G GGG>G LAG>L LGL>G
74 UNSATISFIABLE 0.00 GERM *GL>G GLL>G *GG>L GGL>G *LG>G LGG>A *GA>G GAG>L AGG>G GLG>G GGA>G GGG>G LGL>L LGA>G
75 UNSATISFIABLE 0.00 GERM *GL>G GLL>G *GG>L GGL>G *LG>G LGG>A *GA>G GAG>L AGG>G GLG>G GGA>G GGG>G LGL>G
76 UNSATISFIABLE 0.00 GERM *GL>G GLL>G *GG>L GGL>G *LG>G LGG>A *GA>G GAG>L AGG>G GLG>G GGA>G GGG>G LGL>A AGA>G
77 UNSATISFIABLE 0.00 GERM *GL>G GLL>G *GG>L GGL>G *LG>G LGG>A *GA>A GAG>L *AL>L AGG>G ALG>G LGA>A GGG>G GAL>L
78 UNSATISFIABLE 0.00 GERM *GL>G GLL>G *GG>L GGL>G *LG>A LGG>G *AG>L AGG>L *LL>L GGG>G LLG>A *LA>L LAG>L LLA>L
79 UNSATISFIABLE 0.00 GERM *GL>G GLL>G *GG>L GGL>G *LG>A LGG>G *AG>G AGG>L GGG>G GLG>A *GA>L GAG>G LGL>G AGA>L
80 UNSATISFIABLE 0.00 GERM *GL>G GLL>G *GG>L GGL>G *LG>A LGG>G *AG>G AGG>L GGG>G GLG>A *GA>G GAG>G LGA>G
81 UNSATISFIABLE 0.00 GERM *GL>G GLL>G *GG>L GGL>G *LG>A LGG>G *AG>G AGG>L GGG>G GLG>A *GA>A GAG>G AGL>G GGA>G
82 UNSATISFIABLE 0.00 GERM *GL>G GLL>G *GG>L GGL>G *LG>A LGG>G *AG>G AGG>L GGG>G GLG>B *GB>G GBG>G BGG>L LGB>G
83 UNSATISFIABLE 0.00 GERM *GL>G GLL>G *GG>L GGL>G *LG>A LGG>A *AA>L AAG>L *LL>L AGG>G LLG>L LLA>L GGG>G LAG>L
84 UNSATISFIABLE 0.00 GERM *GL>G GLL>G *GG>L GGL>G *LG>A LGG>A *AA>A AAG>L *AL>A AGG>G ALG>A AAA>A GGG>G AAL>A
85 UNSATISFIABLE 0.00 GERM *GL>G GLL>G *GG>L GGL>G *LG>A LGG>A *AA>A AAG>A AGG>B AAB>A ABG>A AAA>A BGG>G GGG>G
86 UNSATISFIABLE 0.00 GERM *GL>G GLL>G *GG>L GGL>G *LG>A LGG>B *AB>L ABG>L *LL>L BGG>G LLG>L LLB>L GGG>G LBG>L
87 UNSATISFIABLE 0.01 GERM *GL>G GLL>G *GG>L GGL>A *LA>L LAG>L *LL>L AGL>L LLG>A LLA>L LGL>L LAL>A ALG>G GLG>G
88 UNSATISFIABLE 0.54 GERM *GL>G GLL>G *GG>L GGL>A *LA>G LAG>L AGL>L LLG>G GGG>L *LL>G LGL>L LLA>G GLG>G AGG>L
89 UNSATISFIABLE 0.00 GERM *GL>G GLL>G *GG>G GGL>L GLG>G LGL>A GGA>L GAG>G AGL>G LGG>L GGG>L LLG>G LGA>G AGG>G
90 UNSATISFIABLE 0.00 GERM *GL>G GLL>G *GG>G GGL>L GLG>G LGL>A GGA>L GAG>G AGL>G LGG>L GGG>G LGA>G AGA>A AGG>G
91 UNSATISFIABLE 0.04 GERM *GL>G GLL>G *GG>G GGL>L GLG>G LGL>A GGA>G GAG>G GGG>L AGL>L LLG>G LGA>A LGG>L AGG>L
92 SATISFIABLE 0.20 GERM *GL>G GLL>G *GG>G GGL>A *GA>G GAG>L AGL>L LLG>G GGG>G LGL>L GGA>G GLG>G AGG>G LGA>G
93 UNSATISFIABLE 0.00 GERM *GL>G GLL>G *GG>G GGL>A *GA>G GAG>G AGL>G GGG>A GAA>A AAA>A AAG>G AGG>G GGA>G AGA>G
94 UNSATISFIABLE 0.00 GERM *GL>G GLL>G *GG>G GGL>A *GA>G GAG>G AGL>B GGB>G GBG>G GGG>G BGL>L GGA>G GLG>G LGL>L
95 SATISFIABLE 0.07 GERM *GL>G GLL>G *GG>G GGL>A *GA>G GAG>A AGL>L GAL>G ALG>L LGL>L LLG>G AGG>G AGA>G GLG>G
96 UNSATISFIABLE 0.01 GERM *GL>G GLL>G *GG>G GGL>A *GA>G GAG>A AGL>L GAL>G ALG>G GGG>G LGL>L GGA>G GLG>G
97 UNSATISFIABLE 0.00 GERM *GL>G GLL>G *GG>G GGL>A *GA>G GAG>A AGL>G AGG>A GAA>G AAA>G GGG>G AAG>G GGA>A AGA>G
98 UNSATISFIABLE 0.00 GERM *GL>G GLL>G *GG>G GGL>A *GA>G GAG>A AGL>B GAB>G ABG>G GGG>G BGL>L GGA>G GLG>G LGL>L
99 UNSATISFIABLE 0.00 GERM *GL>G GLL>G *GG>G GGL>A *GA>A GAG>G *AG>G AGL>G AGG>G GGG>A GGA>A GAA>G AAG>G AAA>G
100 UNSATISFIABLE 0.00 GERM *GL>G GLL>G *GG>A GGL>G *AG>L AGG>L *LL>L LLG>L LGG>B LLB>L LBG>L BGG>G GGG>G
101 UNSATISFIABLE 0.00 GERM *GL>G GLL>G *GG>A GGL>G *AG>L AGG>L *LL>L LLG>A *LA>L LGG>G LAG>L GGG>G LLA>L
102 UNSATISFIABLE 0.00 GERM *GL>G GLL>G *GG>A GGL>G *AG>L AGG>L *LL>L LLG>B *LB>L LGG>G LBG>L BGG>L GGG>G LLB>L
103 UNSATISFIABLE 0.00 GERM *GL>G GLL>G *GG>A GGL>G *AG>L AGG>G *LG>L LGG>A *LA>L GGG>G LAG>L *LL>L LLG>L LLA>L
104 UNSATISFIABLE 0.00 GERM *GL>G GLL>G *GG>A GGL>G *AG>L AGG>G *LG>L LGG>A *LA>G GGG>G LAG>L GLG>L GLA>G AGL>G
105 UNSATISFIABLE 0.00 GERM *GL>G GLL>G *GG>A GGL>G *AG>L AGG>G *LG>G LGG>A *GA>G GGG>G GAG>L GLG>G GGA>G AGL>G
106 UNSATISFIABLE 0.00 GERM *GL>G GLL>G *GG>A GGL>G *AG>L AGG>B *LB>L LBG>L *LL>L BGG>L LLG>B LLB>L LGG>G GGG>G
107 UNSATISFIABLE 0.00 GERM *GL>G GLL>G *GG>A GGL>G *AG>L AGG>B *LB>L LBG>L *LL>L BGG>G LLG>L LGG>B LLB>L GGG>G
108 UNSATISFIABLE 0.00 GERM *GL>G GLL>G *GG>A GGL>G *AG>G AGG>L GLG>L LGG>B GLB>G LBG>L BGG>G AGL>G GGG>G BGL>G
109 UNSATISFIABLE 0.00 GERM *GL>G GLL>G *GG>A GGL>G *AG>G AGG>L GLG>G LGG>B GGB>G GBG>L AGL>L BGG>G LGB>G GGG>G
110 UNSATISFIABLE 0.00 GERM *GL>G GLL>G *GG>A GGL>G *AG>G AGG>L GLG>G LGG>B GGB>G GBG>L AGL>G BGG>G GGG>G BGL>G
111 UNSATISFIABLE 0.00 GERM *GL>G GLL>G *GG>A GGL>G *AG>G AGG>L GLG>A *GA>L LGG>G GAG>G *LG>A LGL>G GGG>G AGA>L
112 UNSATISFIABLE 0.00 GERM *GL>G GLL>G *GG>A GGL>G *AG>G AGG>L GLG>A *GA>G LGG>G GAG>L GGG>G LLG>A GGA>G AGL>G
113 UNSATISFIABLE 0.00 GERM *GL>G GLL>G *GG>A GGL>G *AG>G AGG>L GLG>A *GA>G LGG>G GAG>G GGG>G AGA>L LGL>G
114 UNSATISFIABLE 0.00 GERM *GL>G GLL>G *GG>A GGL>G *AG>G AGG>L GLG>A *GA>G LGG>G GAG>G GGG>G AGA>G GGA>G
115 UNSATISFIABLE 0.00 GERM *GL>G GLL>G *GG>A GGL>G *AG>G AGG>L GLG>A *GA>G LGG>G GAG>G GGG>G AGA>A AGL>G GGA>G
116 UNSATISFIABLE 0.00 GERM *GL>G GLL>G *GG>A GGL>G *AG>G AGG>L GLG>A *GA>A LGG>G GAG>G AGL>L GGG>G GLA>A LAG>G
117 UNSATISFIABLE 0.00 GERM *GL>G GLL>G *GG>A GGL>G *AG>G AGG>L GLG>A *GA>A LGG>G GAG>G AGL>G GGG>G GGA>G LGA>G
118 UNSATISFIABLE 0.00 GERM *GL>G GLL>G *GG>A GGL>G *AG>G AGG>L GLG>B *GB>G LGG>G GBG>G BGG>L GGG>G AGB>G GGB>G
119 UNSATISFIABLE 0.00 GERM *GL>G GLL>G *GG>A GGL>G *AG>G AGG>B *GB>G GBG>L BGG>G GLG>G LGG>B GGB>G GGG>G AGL>G
120 UNSATISFIABLE 0.00 GERM *GL>G GLL>G *GG>A GGL>G *AG>G AGG>B *GB>B GBG>A *BA>A BGG>G BAG>G AGB>B GGG>G GBA>A
121 UNSATISFIABLE 0.00 GERM *GL>G GLL>G *GG>A GGL>G *AG>A AGG>L *AL>A ALG>A *AA>A LGG>G AAG>A AAL>A GGG>G AAA>A
122 UNSATISFIABLE 0.00 GERM *GL>G GLL>G *GG>A GGL>G *AG>A AGG>G GGG>L AGL>A *AA>A GLG>G AAG>A LGG>G AAA>A LLG>G
123 UNSATISFIABLE 0.00 GERM *GL>G GLL>G *GG>A GGL>G *AG>A AGG>G GGG>A AGA>G GAG>G GAA>A AAA>A AAG>G GGA>G
124 UNSATISFIABLE 0.00 GERM *GL>G GLL>G *GG>A GGL>G *AG>A AGG>G GGG>A AGA>A *AA>G GAG>G AAG>G GGA>A AAA>G GAA>G
125 UNSATISFIABLE 0.00 GERM *GL>G GLL>G *GG>A GGL>G *AG>A AGG>G GGG>A AGA>A *AA>A GAG>G AAG>G GGA>A GAA>G AAA>G
126 UNSATISFIABLE 0.00 GERM *GL>G GLL>G *GG>A GGL>G *AG>A AGG>B *AB>A ABG>A *AA>A BGG>G AAG>A AAB>A GGG>G AAA>A
127 UNSATISFIABLE 0.00 GERM *GL>G GLL>G *GG>A GGL>G *AG>B AGG>G *BG>L BGG>L *LL>L GGG>G LLG>L LGG>A LLA>L LAG>L
128 UNSATISFIABLE 0.00 GERM *GL>G GLL>G *GG>A GGL>G *AG>B AGG>B *BB>A BBG>A *AA>B BGG>G AAG>B BBB>A GGG>G AAA>B
129 UNSATISFIABLE 0.00 GERM *GL>G GLL>G *GG>A GGL>G *AG>B AGG>B *BB>B BBG>A *BA>B BGG>G BAG>B BBB>B GGG>G BBA>B
130 UNSATISFIABLE 0.00 GERM *GL>G GLL>G *GG>A GGL>G *AG>B AGG>B *BB>B BBG>B BGG>L BBL>B BLG>B BBB>B LGG>G GGG>G
131 UNSATISFIABLE 0.00 GERM *GL>G GLL>G *GG>A GGL>A *AA>G AAG>G AGL>L GLG>A AAA>G LGL>G GGG>A AGG>L GLA>A LAG>G
132 UNSATISFIABLE 0.00 GERM *GL>G GLL>G *GG>A GGL>A *AA>A AAG>G *AG>G AGL>G AGG>G GGG>A GGA>A GAA>G GAG>G AAA>G
133 UNSATISFIABLE 0.01 GERM *GL>G GLL>G *GG>A GGL>A *AA>A AAG>A AGL>L AAL>G *AG>A ALG>G AGG>A LGL>L AAA>A GLG>G
134 UNSATISFIABLE 0.00 GERM *GL>G GLL>G *GG>A GGL>A *AA>A AAG>A AGL>L AAL>A ALG>L LGL>L ALL>A AAA>A LLG>G GLG>L
135 UNSATISFIABLE 0.00 GERM *GL>G GLL>G *GG>A GGL>A *AA>A AAG>A AGL>L AAL>A ALG>L LGL>L ALL>A AAA>A LLG>G GLG>G
136 UNSATISFIABLE 0.00 GERM *GL>G GLL>G *GG>A GGL>A *AA>A AAG>A AGL>G AGG>G AGA>A AAA>A GAG>G GGG>G GGA>A
137 UNSATISFIABLE 0.00 GERM *GL>G GLL>G *GG>A GGL>A *AA>A AAG>A AGL>G AGG>G AGA>A AAA>A GAG>G GGG>A GAA>G GGA>A
138 UNSATISFIABLE 0.00 GERM *GL>G GLL>A *GA>L GAL>L *LL>L ALL>G LLG>L LGL>L LLA>G LAL>L GLG>G GLA>A ALG>G
139 UNSATISFIABLE 0.00 GERM *GL>G GLL>A *GA>L GAL>L *LL>L ALL>G LLG>L LGL>G LGA>A LLA>L LAL>L ALG>G LGG>G GGA>A
140 UNSATISFIABLE 0.00 GERM *GL>G GLL>A *GA>L GAL>L *LL>L ALL>G LLG>A *LA>L LGL>L LAL>L ALA>A LLA>L ALG>G GLA>A
141 UNSATISFIABLE 0.00 GERM *GL>G GLL>A *GA>L GAL>L *LL>L ALL>A LLA>L LAL>A LAA>G LLG>L AAL>A LGA>L GAA>A AAA>A
142 UNSATISFIABLE 0.01 GERM *GL>G GLL>A *GA>L GAL>L *LL>L ALL>A LLA>L LAL>A LAA>B LLB>L AAL>A LBA>L BAA>A AAA>A
143 UNSATISFIABLE 0.00 GERM *GL>G GLL>A *GA>L GAL>L *LL>L ALL>A LLA>G *LG>L LAL>L LGL>G GLA>A LGA>L ALA>A LLG>L
144 UNSATISFIABLE 0.00 GERM *GL>G GLL>A *GA>L GAL>L *LL>L ALL>B LLB>L LBL>L BLL>A LLA>B LAL>L BLB>B BLA>A ALB>B
145 UNSATISFIABLE 0.00 GERM *GL>G GLL>A *GA>G GAL>L ALL>G GLG>G *GG>G LGL>L GGL>G GLA>A GGA>G LAL>L ALG>G GGG>G
146 SATISFIABLE 0.02 GERM *GL>G GLL>A *GA>G GAL>L ALL>A GLA>L LAL>L LLA>A GAA>L AAL>G GLG>L ALA>A LGA>G LGL>G
147 SATISFIABLE 0.02 GERM *GL>G GLL>A *GA>G GAL>L ALL>A GLA>L LAL>L LLA>A GAA>A AAL>G GAG>A ALA>A AGA>G AGL>G
148 SATISFIABLE 1.69 GERM *GL>G GLL>A *GA>G GAL>L ALL>A GLA>L LAL>L LLA>A GAA>A AAL>G GAG>A ALA>A AGA>G AGL>A
149 UNSATISFIABLE 0.01 GERM *GL>G GLL>A *GA>G GAL>A ALL>A GAA>L AAL>L LLA>G GAG>A LAL>L AGL>G GLA>A AGA>G ALA>A
150 UNSATISFIABLE 0.01 GERM *GL>G GLL>A *GA>G GAL>A ALL>A GAA>L AAL>A GLA>G *GG>G LAA>A GGA>G GGL>G AAA>A GGG>G
151 UNSATISFIABLE 0.22 GERM *GL>G GLL>A *GA>G GAL>A ALL>A GAA>G *GG>G AAL>L GGL>G GLA>A GGA>G LAL>L ALA>A GGG>G
152 UNSATISFIABLE 0.02 GERM *GL>G GLL>A *GA>G GAL>A ALL>A GAA>A AAL>L ALA>G GAG>A LAL>L AGL>G GLA>L AGA>G LLA>L
153 UNSATISFIABLE 0.05 GERM *GL>G GLL>A *GA>G GAL>A ALL>A GAA>A AAL>G GAG>A AGA>A AAA>G AGG>G GGG>G GGA>A AAG>A
154 UNSATISFIABLE 0.01 GERM *GL>G GLL>A *GA>G GAL>A ALL>A GAA>A AAL>A AAA>G GAG>A AGA>A AGG>G GGG>G GGA>A AAG>A
155 UNSATISFIABLE 0.08 GERM *GL>A GLL>G *AG>L AGL>L *LL>L LLG>L LGL>G LGG>A LLA>L GGL>G LAG>L AGG>G GGG>G
156 UNSATISFIABLE 0.02 GERM *GL>A GLL>G *AG>L AGL>L *LL>L LLG>L LGL>G LGG>B LLB>L GGL>G LBG>L BGG>G GGG>G
157 UNSATISFIABLE 0.00 GERM *GL>A GLL>G *AG>L AGL>L *LL>L LLG>L LGL>A LLA>L LAG>A LAL>L ALG>G LGA>A GAG>G GLG>G
158 UNSATISFIABLE 0.01 GERM *GL>A GLL>G *AG>L AGL>L *LL>L LLG>L LGL>B LLB>L LBG>L BGL>G LGG>B GGL>G BGG>G GGG>G
159 UNSATISFIABLE 0.07 GERM *GL>A GLL>G *AG>L AGL>L *LL>L LLG>A *LA>L LGL>L LAL>A ALG>G LAG>L GLG>G LLA>L
160 UNSATISFIABLE 0.00 GERM *GL>A GLL>G *AG>L AGL>L *LL>L LLG>A *LA>L LGL>G LAG>L AGG>L GGL>G LLA>L LGG>G GGG>G
161 UNSATISFIABLE 0.09 GERM *GL>A GLL>G *AG>L AGL>L *LL>L LLG>B *LB>L LGL>L LBL>B BLG>G LBG>L BGL>L GLG>G LLB>L
162 UNSATISFIABLE 0.02 GERM *GL>A GLL>G *AG>L AGL>L *LL>L LLG>B *LB>L LGL>G LBG>L BGG>L GGL>G LLB>L LGG>G GGG>G
163 UNSATISFIABLE 0.17 GERM *GL>A GLL>G *AG>L AGL>L *LL>G LLG>G *GG>L LGL>L GGL>A *LA>G GLG>G LAG>L AGG>L LLA>G
164 UNSATISFIABLE 0.08 GERM *GL>A GLL>G *AG>L AGL>G *LG>L LGG>G GGL>A LGA>L *LL>L GAG>G LLG>L GGG>G GGA>A AGG>G
165 UNSATISFIABLE 0.00 GERM *GL>A GLL>G *AG>L AGL>G *LG>L LGG>A *LA>L GGL>G LAG>L *LL>L AGG>G LLG>L LLA>L GGG>G
166 UNSATISFIABLE 0.01 GERM *GL>A GLL>G *AG>L AGL>G *LG>L LGG>B *LB>L GGL>G LBG>L *LL>L BGG>G LLG>L LLB>L GGG>G
167 UNSATISFIABLE 0.00 GERM *GL>A GLL>G *AG>L AGL>G *LG>G LGG>A *GA>G GGL>G GAG>L AGG>G GLG>G AGA>G GGG>G LGL>A
168 UNSATISFIABLE 0.01 GERM *GL>A GLL>G *AG>L AGL>G *LG>A LGG>G GGL>G AGG>L *LL>L GGG>G LLG>A *LA>L LAG>L LLA>L
169 UNSATISFIABLE 0.01 GERM *GL>A GLL>G *AG>L AGL>A *LA>L LAG>A LAA>L *LL>L AAG>G LLG>L LGA>A LLA>L GAG>G AGA>A
170 UNSATISFIABLE 0.00 GERM *GL>A GLL>G *AG>L AGL>A *LA>L LAG>A LAA>A AAG>L LAL>A ALA>A AAA>L ALL>L LLA>A AAL>A
171 UNSATISFIABLE 0.01 GERM *GL>A GLL>G *AG>L AGL>B *LB>L LBG>L *LL>L BGL>L LLG>B LLB>L LGL>L LBL>B BLG>G GLG>G
172 UNSATISFIABLE 0.01 GERM *GL>A GLL>G *AG>L AGL>B *LB>L LBG>L *LL>L BGL>G LLG>L LGG>B LLB>L GGL>G BGG>G GGG>G
173 UNSATISFIABLE 0.01 GERM *GL>A GLL>G *AG>L AGL>B *LB>L LBG>L *LL>L BGL>G LLG>B LGG>G GGL>G BGG>L GGG>G LLB>L
174 UNSATISFIABLE 0.00 GERM *GL>A GLL>G *AG>G AGL>L GLG>L *AL>A LGL>L ALL>A *AA>A LLG>G AAG>A AAL>A AAA>A ALG>L
175 UNSATISFIABLE 0.00 GERM *GL>A GLL>G *AG>G AGL>L GLG>A *AA>A LGL>L AAL>A ALG>G AAG>A ALA>A AAA>A LAL>L GLA>A
176 SATISFIABLE 1.58 GERM *GL>A GLL>G *AG>G AGL>L GLG>A *AA>A LGL>G AAG>G AGG>L GGL>G GLA>A LGG>G LAG>G GGG>G
177 UNSATISFIABLE 0.05 GERM *GL>A GLL>G *AG>G AGL>G *GG>G GGG>G GGL>B GGB>G GBG>G BGL>L GLG>G LGL>B BGB>B LGB>B
178 UNSATISFIABLE 0.01 GERM *GL>A GLL>G *AG>G AGL>G *GG>G GGG>G GGL>B GGB>G GBG>B BGL>L GBL>G BLG>G LGL>L GLG>G
179 UNSATISFIABLE 0.01 GERM *GL>A GLL>G *AG>G AGL>G *GG>G GGG>A *GA>A GGL>A GAA>A *AA>A AAG>G AGG>A AGA>A AAA>G
180 SATISFIABLE 0.03 GERM *GL>A GLL>G *AG>A AGL>L *AL>G ALG>L LGL>L LLG>G AGG>G GGL>A AGA>G GLG>G GAG>A GAL>G
181 UNSATISFIABLE 0.00 GERM *GL>A GLL>G *AG>A AGL>L *AL>A ALG>L LGL>L ALL>A *AA>A LLG>G AAG>A AAL>A GLG>L AAA>A
182 UNSATISFIABLE 0.00 GERM *GL>A GLL>G *AG>A AGL>L *AL>A ALG>L LGL>L ALL>A *AA>A LLG>G AAG>A AAL>A GLG>G AAA>A
183 UNSATISFIABLE 0.00 GERM *GL>A GLL>G *AG>A AGL>G AGG>L *AL>A GGL>G ALG>A *AA>A LGG>G AAG>A AAL>A GGG>G AAA>A
184 UNSATISFIABLE 0.00 GERM *GL>A GLL>G *AG>A AGL>G AGG>G GGL>L GLG>G LGL>A GGA>L GAG>G LGG>L GGG>L LLG>G LGA>G
185 UNSATISFIABLE 0.00 GERM *GL>A GLL>G *AG>A AGL>G AGG>G GGL>L GLG>G LGL>A GGA>L GAG>G LGG>L GGG>G LGA>G AGA>A
186 UNSATISFIABLE 0.01 GERM *GL>A GLL>G *AG>A AGL>G AGG>G GGL>L GLG>A AGA>G LGL>L GAL>A ALG>L ALL>G GAG>A LLG>L
187 UNSATISFIABLE 0.00 GERM *GL>A GLL>G *AG>A AGL>G AGG>G GGL>G GGG>A AGA>G GAG>G GAA>A AAA>A AAG>G GGA>G
188 UNSATISFIABLE 0.00 GERM *GL>A GLL>G *AG>A AGL>G AGG>G GGL>G GGG>A AGA>A *AA>A GAG>G AAG>G GGA>A GAA>G AAA>G
189 UNSATISFIABLE 0.00 GERM *GL>A GLL>G *AG>A AGL>G AGG>G GGL>A AGA>G GAG>G GGG>A GAA>A AAA>A AAG>G GGA>G
190 UNSATISFIABLE 0.00 GERM *GL>A GLL>G *AG>A AGL>G AGG>G GGL>A AGA>A *AA>A GAG>G AAG>G GGG>A GGA>A GAA>G AAA>G
191 UNSATISFIABLE 0.00 GERM *GL>A GLL>G *AG>A AGL>G AGG>G GGL>B AGB>A *AA>A GBG>G AAG>A BGL>L GLG>G LGL>L AAA>A
192 UNSATISFIABLE 0.02 GERM *GL>A GLL>G *AG>A AGL>G AGG>A *AA>A GGL>L AAL>A ALG>G AAG>A LGL>L GLG>G AAA>A
193 UNSATISFIABLE 0.01 GERM *GL>A GLL>G *AG>A AGL>G AGG>A *AA>A GGL>B AAB>A ABG>G AAG>A BGL>L GLG>G AAA>A LGL>L
194 UNSATISFIABLE 0.00 GERM *GL>A GLL>G *AG>A AGL>G AGG>B *AB>A GGL>G ABG>A *AA>A BGG>G AAG>A AAB>A GGG>G AAA>A
195 UNSATISFIABLE 0.07 GERM *GL>A GLL>G *AG>A AGL>A *AA>L AAG>L *LL>L LLA>L LAG>A LAA>A LAL>L ALA>A AAA>A AAL>L
196 UNSATISFIABLE 0.00 GERM *GL>A GLL>G *AG>A AGL>A *AA>G AAG>A *GA>G GAA>L GLA>G LAA>A AGA>G AAA>A GAG>L LAG>A
197 UNSATISFIABLE 0.00 GERM *GL>A GLL>G *AG>A AGL>A *AA>G AAG>A *GA>G GAA>L GLA>G LAA>A AGA>G AAA>A GAG>A LAG>A
198 UNSATISFIABLE 0.11 GERM *GL>A GLL>G *AG>B AGL>L *BL>L BLG>L *LL>L LGL>L LLG>A LLA>L LAL>A ALG>G LAG>L GLG>G
199 UNSATISFIABLE 0.14 GERM *GL>A GLL>G *AG>B AGL>G *BG>L BGG>L *LL>L GGL>G LLG>L LGG>A LLA>L LAG>L AGG>G GGG>G
200 UNSATISFIABLE 0.01 GERM *GL>A GLL>G *AG>B AGL>G *BG>L BGG>L *LL>L GGL>G LLG>B *LB>L LGG>G LBG>L GGG>G LLB>L
201 UNSATISFIABLE 0.04 GERM *GL>A GLL>G *AG>B AGL>G *BG>B BGG>G GGL>G GGG>B BGB>G GBG>G GBB>B BBB>B BBG>G GGB>G
202 UNSATISFIABLE 0.04 GERM *GL>A GLL>G *AG>B AGL>B *BB>B BBG>B BGL>L BBL>B BLG>L LGL>L BLL>B BBB>B LLG>G GLG>L
203 UNSATISFIABLE 0.00 GERM *GL>A GLL>G *AG>B AGL>B *BB>B BBG>B BGL>L BBL>B BLG>L LGL>L BLL>B BBB>B LLG>G GLG>G
204 UNSATISFIABLE 0.02 GERM *GL>A GLL>G *AG>B AGL>B *BB>B BBG>B BGL>G BGG>L BBL>B GGL>G BLG>B BBB>B LGG>G GGG>G
205 SATISFIABLE 0.10 GERM *GL>A GLL>G *AG>B AGL>B *BB>B BBG>B BGL>G BGG>G GGL>B BGB>B BBB>B GBG>G GGG>G GGB>B
206 UNSATISFIABLE 0.00 GERM *GL>A GLL>G *AG>B AGL>B *BB>B BBG>B BGL>G BGG>A BBA>B GGL>G BAG>B BBB>B AGG>G GGG>G
207 UNSATISFIABLE 0.14 GERM *GL>A GLL>G *AG>B AGL>B *BB>B BBG>B BGL>G BGG>B BBB>B GGL>L BBL>B BLG>G LGL>L GLG>G
208 UNSATISFIABLE 0.01 GERM *GL>A GLL>A *AA>L AAL>L *LL>L ALL>G LLG>L LGL>L LLA>G LAL>L GLG>G GLA>A ALG>G
209 UNSATISFIABLE 0.00 GERM *GL>A GLL>A *AA>L AAL>L *LL>L ALL>G LLG>L LGL>A LLA>L LAA>A LAL>L ALG>G LGA>A GAA>A
210 UNSATISFIABLE 0.00 GERM *GL>A GLL>A *AA>L AAL>L *LL>L ALL>G LLG>L LGL>A LLA>L LAA>A LAL>L ALG>A AAA>A ALA>A
211 UNSATISFIABLE 0.00 GERM *GL>A GLL>A *AA>L AAL>L *LL>L ALL>G LLG>A *LA>L LGL>L LAL>L ALA>A LLA>L ALG>G GLA>A
212 UNSATISFIABLE 0.01 GERM *GL>A GLL>A *AA>L AAL>L *LL>L ALL>B LLB>L LBL>L BLL>A LLA>B LAL>L BLB>B BLA>A ALB>B
213 UNSATISFIABLE 0.01 GERM *GL>A GLL>A *AA>L AAL>G *LG>L ALL>G LGG>L *LL>L GGL>A LLA>L LAA>G LLG>L GGG>A AAA>G
214 UNSATISFIABLE 0.00 GERM *GL>A GLL>A *AA>L AAL>G *LG>L ALL>G LGG>G GGL>A LGA>L *LL>L GAA>G LLG>L GGG>A AAA>G
215 UNSATISFIABLE 0.00 GERM *GL>A GLL>A *AA>L AAL>A *LA>L ALL>A LAA>G *LG>L LGA>L *LL>L GAA>A LLA>L LLG>L AAA>A
216 UNSATISFIABLE 0.03 GERM *GL>A GLL>A *AA>L AAL>A *LA>L ALL>A LAA>B *LB>L LBA>L *LL>L BAA>A LLA>L LLB>L AAA>A
217 SATISFIABLE 0.18 GERM *GL>A GLL>A *AA>G AAL>G *GG>G ALL>A GGA>G GAL>A GAA>A GAG>G GGG>G AGA>A AAA>A AAG>G
218 UNSATISFIABLE 0.17 GERM *GL>A GLL>A *AA>G AAL>A *GA>L ALL>A GAA>L *LL>L LLA>L LAA>B LLB>L LBA>L BAA>A AAA>A
219 UNSATISFIABLE 0.02 GERM *GL>A GLL>A *AA>G AAL>A *GA>L ALL>A GAA>L *LL>L LLA>G *LG>L LAA>A LGA>L AAA>A LLG>L
220 UNSATISFIABLE 0.02 GERM *GL>A GLL>A *AA>G AAL>A *GA>G ALL>A GAA>A AAA>G GAG>A AGA>A AGG>G GGG>G GGA>A AAG>A
221 UNSATISFIABLE 0.00 GERM *GL>A GLL>A *AA>A AAL>L *AL>G ALL>G ALG>L LGL>A GLA>A LAA>A AAA>A LLA>L LAL>A ALA>L
222 UNSATISFIABLE 0.00 GERM *GL>A GLL>A *AA>A AAL>G *AG>G ALL>G AGG>A *GA>A GGL>A GAA>A AAA>G AAG>G AGA>A GGG>A
223 UNSATISFIABLE 0.01 GERM *GL>A GLL>A *AA>A AAL>G *AG>A ALL>A AGA>G GAL>L AGL>A GLA>A AAA>A LAL>L AAG>A ALA>A
224 UNSATISFIABLE 0.00 GERM *GL>A GLL>A *AA>A AAL>A ALL>G AAG>A AGL>L ALA>A AAA>A LAL>L ALG>G LGL>L GLA>A
225 UNSATISFIABLE 0.00 GERM *GL>A GLL>A *AA>A AAL>A ALL>G AAG>A AGL>L ALA>A AAA>A LAL>G AGG>G GGL>L GLA>A LAG>G
226 UNSATISFIABLE 0.00 GERM *GL>A GLL>A *AA>A AAL>A ALL>G AAG>A AGL>G AGA>A AAA>A GAL>L ALG>G LGL>L GLA>A LAL>L
227 UNSATISFIABLE 0.02 GERM *GL>A GLL>A *AA>A AAL>A ALL>B AAB>A ABL>L BLL>A ALA>A AAA>A LAL>L ALB>B LBL>L BLA>A
228 UNSATISFIABLE 0.03 GERM *GL>A GLL>A *AA>A AAL>A ALL>B AAB>A ABL>B BLL>B ABB>L BBL>B ALB>A AAA>A LBB>B BBB>B
229 UNSATISFIABLE 0.01 GERM *GL>A GLL>A *AA>A AAL>A ALL>B AAB>A ABL>B BLL>B ABB>A AAA>A BBL>L ALB>B LBL>L BLB>B
230 UNSATISFIABLE 0.02 GERM *GL>A GLL>A *AA>A AAL>B *AB>A ALL>A ABA>B BAL>L ABL>A BLA>A AAA>A LAL>L AAB>A ALA>A
231 UNSATISFIABLE 0.08 GERM *GL>A GLL>A *AA>B AAL>A *BA>L ALL>A BAA>L *LL>L LLA>L LAA>G LLG>L LGA>L GAA>A AAA>A
232 UNSATISFIABLE 0.01 GERM *GL>A GLL>A *AA>B AAL>A *BA>L ALL>A BAA>L *LL>L LLA>B *LB>L LAA>A LBA>L AAA>A LLB>L
233 UNSATISFIABLE 0.02 GERM *GL>A GLL>A *AA>B AAL>A *BA>B ALL>A BAA>A AAA>B BAB>A ABA>A ABB>B BBB>B BBA>A AAB>A
234 SATISFIABLE 0.13 GERM *GL>A GLL>A *AA>B AAL>B *BB>B ALL>A BBA>B BAL>A BAA>A BAB>B BBB>B ABA>A AAA>A AAB>B
235 UNSATISFIABLE 0.17 GERM *GL>A GLL>B *AB>L ABL>L *LL>L BLL>G LLG>L LGL>L LLB>G LBL>L GLG>G GLB>B BLG>G
236 UNSATISFIABLE 0.00 GERM *GL>A GLL>B *AB>L ABL>L *LL>L BLL>G LLG>B *LB>L LGL>L LBL>L BLB>B LLB>L BLG>G GLB>B
237 UNSATISFIABLE 0.01 GERM *GL>A GLL>B *AB>L ABL>L *LL>L BLL>A LLA>L LAL>L ALL>B LLB>A LBL>L ALA>A ALB>B BLA>A
238 UNSATISFIABLE 0.02 GERM *GL>A GLL>B *AB>L ABL>L *LL>L BLL>B LLB>L LBL>B LBB>G LLG>L BBL>B LGB>L GBB>B BBB>B
239 UNSATISFIABLE 0.01 GERM *GL>A GLL>B *AB>L ABL>L *LL>L BLL>B LLB>L LBL>B LBB>A LLA>L BBL>B LAB>L ABB>B BBB>B
240 UNSATISFIABLE 0.03 GERM *GL>A GLL>B *AB>L ABL>L *LL>L BLL>B LLB>A *LA>L LBL>L LAL>A ALB>B LAB>L BLB>B LLA>L
241 UNSATISFIABLE 0.02 GERM *GL>A GLL>B *AB>A ABL>B BLL>B ABB>A *AA>A BBL>L AAL>A ALB>B AAB>A LBL>L BLB>B AAA>A
242 UNSATISFIABLE 0.03 GERM *GL>A GLL>B *AB>A ABL>B BLL>B ABB>B BBL>A ABA>B BAB>B BBB>A BAA>A AAA>A AAB>B BBA>B
243 UNSATISFIABLE 0.00 GERM *GL>A GLL>B *AB>A ABL>B BLL>B ABB>B BBL>B BBB>A ABA>B BAB>B BAA>A AAA>A AAB>B BBA>B
SUMMARY {'UNSATISFIABLE': 230, 'SATISFIABLE': 14}
